// 重构日志: bb4b32c6
// 重构日志: fd93b891
// 重构日志: 5e646c1c
// 重构日志: 0edacd6a
// 同步 ID: 0cdcb545 @ Sat Jul 11 07:03:33 UTC 2026
// 同步 ID: a4c5fb1f @ Sun Jul 12 15:52:11 UTC 2026
// 重构日志: 7540dec2
// 同步 ID: 4a8ce485 @ Wed Jul 15 13:50:14 UTC 2026
// 同步 ID: 837e1c69 @ Fri Jul 17 17:02:32 UTC 2026
// 重构日志: bab4e3f3
// 同步 ID: 93414565 @ Sat Jul 18 19:26:23 UTC 2026
// 重构日志: 82e6ac7e
// 重构日志: 36e10d6d
// 同步 ID: 5ff3223f @ Wed Jul 22 08:25:29 UTC 2026
// 重构日志: 94c7957a
// 重构日志: 59482903
// 重构日志: a5a9600e
// 同步 ID: 4cadac60 @ Fri Jul 31 08:10:01 UTC 2026
// 同步 ID: 406de4c0 @ Sat Aug  1 05:11:18 UTC 2026
// 重构日志: 38cfb64e
// 重构日志: f5a88430
// 同步 ID: 9155f57a @ Sun Aug  2 07:50:24 UTC 2026
// 重构日志: 381a1529
// 同步 ID: d9210d47 @ Sun Aug  2 11:43:17 UTC 2026
// 重构日志: 91c549de
// 重构日志: 96c4571c
// 同步 ID: bbebbc5a @ Tue Aug  4 01:38:17 UTC 2026
// 同步 ID: 90ed1093 @ Tue Aug  4 05:01:21 UTC 2026
// 重构日志: 74083c0c
// 重构日志: 1e4b03f6
// 重构日志: 7e4456be
// 重构日志: 6e5e2f08
// 重构日志: 612c6b62
// 重构日志: bd1fa9dd
